Game_Of_Life git:(master) git pull
Enter passphrase for key '/Users/adamzar/.ssh/id_rsa':
Already up-to-date.
➜  Game_Of_Life git:(master) git status
On branch master
Your branch is up-to-date with 'origin/master'.
Untracked files:
  (use "git add <file>..." to include in what will be committed)

	Gemfile
	Gemfile.lock
	Spec.rb
	game_of_life.rb

nothing added to commit but untracked files present (use "git add" to track)
➜  Game_Of_Life git:(master) ✗ git add -A
➜  Game_Of_Life git:(master) ✗ git status
On branch master
Your branch is up-to-date with 'origin/master'.
Changes to be committed:
  (use "git reset HEAD <file>..." to unstage)

	new file:   Gemfile
	new file:   Gemfile.lock
	new file:   Spec.rb
	new file:   game_of_life.rb

➜  Game_Of_Life git:(master) ✗ git commit -m "Initial commit"
[master 473ac52] Initial commit
 4 files changed, 185 insertions(+)
 create mode 100644 Gemfile
 create mode 100644 Gemfile.lock
 create mode 100644 Spec.rb
 create mode 100644 game_of_life.rb
➜  Game_Of_Life git:(master) git push
Enter passphrase for key '/Users/adamzar/.ssh/id_rsa':
Counting objects: 6, done.
Delta compression using up to 4 threads.
Compressing objects: 100% (5/5), done.
Writing objects: 100% (6/6), 1.55 KiB | 0 bytes/s, done.
Total 6 (delta 0), reused 0 (delta 0)
To github.com:adamleozar/Game_Of_Life.git
   4ef457f..473ac52  master -> master
